10/18/20 21:36:11 PM:INFO:****************** Test_001_Login ******************
10/18/20 21:36:11 PM:INFO:****************** Verifying Home page Title ******************
10/18/20 21:36:18 PM:INFO:****************** Home page title Passed ******************
10/18/20 21:36:19 PM:INFO:************************* Initializing the Successful Login Tests ***********************
10/18/20 21:36:37 PM:INFO:****************** Log in test title Passed ******************
